[backblue.gif]
[fade.gif]
[index.html]
[zayaruzostreetorgan.com/uploads/5/5/6/7/5567194/custom_themes/607721921917323670/burrito-bison-ll.html]
[zayaruzostreetorgan.com/uploads/1/2/6/0/126072267/custom_themes/289749986412026919/files/progressLogo.Light.png]
[zayaruzostreetorgan.com/uploads/1/2/6/0/126072267/custom_themes/289749986412026919/files/progressEmpty.Light.png]
[zayaruzostreetorgan.com/uploads/1/2/6/0/126072267/custom_themes/289749986412026919/files/progressFull.Light.png]
[zayaruzostreetorgan.com/uploads/1/2/6/0/126072267/custom_themes/289749986412026919/files/progressLogo.Dark.png]
[zayaruzostreetorgan.com/uploads/1/2/6/0/126072267/custom_themes/289749986412026919/files/progressEmpty.Dark.png]
[zayaruzostreetorgan.com/uploads/1/2/6/0/126072267/custom_themes/289749986412026919/files/progressFull.Dark.png]
[zayaruzostreetorgan.com/uploads/1/2/6/0/126072267/custom_themes/289749986412026919/files/style.css]
[zayaruzostreetorgan.com/uploads/1/2/6/0/126072267/custom_themes/289749986412026919/files/UnityProgress.js]
[zayaruzostreetorgan.com/uploads/1/2/6/0/126072267/burrito-bison-ll.js]
[zayaruzostreetorgan.com/uploads/1/2/6/0/126072267/kongregate_api.js]
[zayaruzostreetorgan.com/uploads/1/2/6/0/126072267/custom_themes/289749986412026919/files/webgl-logo.html]
[zayaruzostreetorgan.com/uploads/1/2/6/0/126072267/custom_themes/289749986412026919/files/fullscreen.html]
[zayaruzostreetorgan.com/uploads/5/5/6/7/5567194/custom_themes/607721921917323670/inflate.html]
[zayaruzostreetorgan.com/uploads/5/5/6/7/5567194/custom_themes/607721921917323670/dictionary.bin.html]
[zayaruzostreetorgan.com/uploads/5/5/6/7/5567194/custom_themes/607721921917323670/ABCDEFGHIJKLMNOPQRSTUVWXYZabcdefghijklmnopqrstuvwxyz0123456789+/index.html]
[zayaruzostreetorgan.com/uploads/5/5/6/7/5567194/custom_themes/607721921917323670/decompress.html]
[zayaruzostreetorgan.com/uploads/5/5/6/7/5567194/custom_themes/607721921917323670/GET.html]
[zayaruzostreetorgan.com/uploads/5/5/6/7/5567194/custom_themes/607721921917323670/Trident/index.html]
[zayaruzostreetorgan.com/uploads/5/5/6/7/5567194/custom_themes/607721921917323670/HEAD.html]
[zayaruzostreetorgan.com/uploads/5/5/6/7/5567194/custom_themes/607721921917323670/POST.html]
